every user-facing string in the source (AST-harvested — all arguments, both
"…" and `…` raw strings). The completeness backstop: catches error paths and
the multi-step flows (ingest steps, login, progress) not shown as a screen.
%s/%d are runtime placeholders.

"\"active\" is this machine's selected client; state is its last reported status to tracebloc."
"%d system table(s) hidden — show with --all."
"%q exists but is not a directory"
"%q is a directory, not a file"
"%q is not a directory; pass the directory containing labels.csv + images/"
"%q is not a directory; pass the directory containing labels.csv + the text files"
"%s %q must be WxH (e.g. 512x512)"
"%s %q: height is not an integer: %w"
"%s %q: width and height must both be positive"
"%s %q: width is not an integer: %w"
"%s %s — %s"
"%s has a header but no data rows (0 ingestable records). Add at least one data row and re-run."
"%s is empty — add a header and at least one data row, then re-run"
"%s is empty — no header row"
"%s is image tasks only; it doesn't apply to task %q"
"%s requires CLIENT_WRITE permission"
"%s · Online%s"
"%s · can't reach it from here — run %s"
"%s · running — couldn't confirm it's connected to tracebloc — run %s"
"%s · running, but tracebloc hasn't heard from it — run %s"
"%s · starting up, not ready yet — run %s"
"%s — %s · %s"
"%s — %s · %s  (%s)"
"%s: %w"
"--label-column doesn't apply to task %q — it trains on the text itself, with no label column"
"--number-of-keypoints is keypoint_detection only; it doesn't apply to task %q"
"--overwrite can't be combined with --idempotency-key: a reused key makes the cluster replay the previous run instead of ingesting the new data — after --overwrite's removal that would report success while loading nothing. Drop one of the two (a fresh per-run key is the default)."
"--schema is empty; expected col:TYPE,col:TYPE,..."
"--schema is tabular/time-series tasks only; it doesn't apply to task %q"
"--time-column is time_to_event_prediction only; it doesn't apply to task %q"
"--timeout has no effect without --wait"
"A name for this dataset — you'll reference it by this name when you start a training run. Start with a letter or underscore, then letters, digits, underscores.  e.g. churn_train"
"A real run continues with step 2 (copy into your secure environment) and step 3 (validate and load)."
"A tracebloc client is already running on this cluster — adopting it. Couldn't read the cluster identity, so its idempotency anchor was left unchanged; point --kubeconfig/--context at a cluster where kube-system is readable to stamp it."
"A training run is allocated up to:"
"Add --help to any command for the flags."
"Already signed out."
"Applies to your next training run; a run already going keeps its size."
"Ask one of these admins (or ask them to grant you access)"
"Available now:"
"CSV %s has no columns"
"Can't reach tracebloc from here."
"Cancelled — %q was left as-is; nothing was ingested."
"Cancelled — nothing was changed."
"Cancelled — nothing was deleted."
"Cancelled — nothing was ingested."
"Cancelled — the name didn't match. Nothing was removed."
"Cancelled."
"Chart uninstall reported: %v"
"Check on it later with:  kubectl logs -f -n %s job/%s"
"Check your data"
"Check your network / HTTP(S)_PROXY, then run `%s doctor` again."
"Client install"
"Client status"
"Clients in your account"
"Cluster teardown reported: %v"
"Connecting to your secure environment…"
"Copy into your secure environment"
"Correlation id: %s"
"Couldn't check for active training runs (%v) — continuing; the confirmation below still guards you."
"Couldn't connect to your secure environment — check your kubeconfig/context."
"Couldn't locate the CLI binary to remove it (%v) — delete it by hand."
"Couldn't read the target cluster's identity — provisioning without a cluster anchor, so re-running won't be idempotent. Point --kubeconfig/--context at the reachable cluster to enable that."
"Couldn't read your tracebloc config — run `%s login` to recreate it."
"Couldn't reclaim the temporary copy (%v). It's harmless — the next re-ingest of %q or a `tracebloc data delete %s` will clear it."
"Couldn't remove the CLI (%v) — remove it by hand: rm -f %s"
"Couldn't remove the CLI (%v). It looks Homebrew-managed — finish with: brew uninstall tracebloc"
"Couldn't remove the `tb` alias (%v) — remove it by hand: rm -f %s"
"Couldn't save the active-client pointer (%v) — re-run `tracebloc client create` (it adopts this cluster's client) to set it."
"Couldn't save the active-client pointer (%v) — re-run `tracebloc client create` (it adopts this cluster's client)."
"Couldn't verify your session with the backend (%v)."
"Couldn't write the support bundle: %v"
"Credential written to %s (mode 0600, not shown). This machine is set to enroll as client %d."
"DB failures"
"Deleted %s.%s and %d PVC path(s)."
"Destructive and cannot be undone."
"Detached — the ingestion runs in the background on your secure environment."
"Details"
"Details (for support)"
"Diagnose auth / cluster problems with: tracebloc doctor"
"Do you want to change the allocation? Run `%s resources set` (guided walkthrough on a terminal)."
"Docker and related tools — remove them yourself if you no longer need them"
"Dry run — nothing was changed"
"Dry-run complete — your data and secure environment check out; nothing was created."
"Dry-run — nothing was deleted."
"Each training run already uses up to %s — nothing to change."
"Each training run may now use up to %s."
"Email it to support@tracebloc.io."
"Enter"
"Everything looks good — you're ready to run training."
"Follow it later with:  kubectl logs -f -n %s job/%s"
"Full log: %s"
"GPU access removed — training runs will use CPU only."
"How many keypoints each sample is annotated with — dataset-specific, no default.  e.g. 17 for COCO human pose"
"How much of this machine a training run may use"
"Ingest settings"
"Ingestion complete — %s"
"Ingestion complete — showing its logs:"
"Ingestion completed partially — %s"
"Ingestion completed with failures — %s"
"Ingestion completed with skips — %s"
"Ingestion started — live progress:"
"Ingestion started — streaming logs:"
"Ingestion summary"
"Ingestor SA token"
"Kept local data and config (~/.tracebloc); cleared the active-client pointer — --keep-data."
"Kept on tracebloc"
"Kubeconfig"
"Learn more: https://docs.tracebloc.io"
"Left %s in place — it isn't tracebloc's `tb` alias."
"Left alone"
"Let's set up your data ingest"
"Local dataset"
"Machine credential — needed by the installer to connect this client"
"Memory"
"No client in namespace %q — using the one in %q (override with --namespace)."
"No clients yet. Run `tracebloc client create`."
"No new credential issued; the existing one stands. This machine is set to enroll as client %d."
"No problems found, but some checks couldn't finish — re-run with --verbose for detail."
"No secure environment on this machine yet — run the installer to set one up."
"No secure environment on this machine yet."
"Not signed in yet."
"Not signed in — run `%s login`."
"Not signed in. Run `tracebloc login`."
"Not yet in the CLI:"
"Offboarded %q. This machine is no longer connected to tracebloc."
"Only tracebloc's small jobs-manager restarts — running training isn't interrupted."
"Open"
"Override the column types the CLI would infer. Blank = infer from the CSV.  e.g. age:INT,price:FLOAT,city:VARCHAR"
"POST %s%s: %w"
"PVC is %v, not ReadWriteMany — the stage Pod will co-locate with the existing mounter"
"Pick this dataset when you set it up."
"Press Enter to accept a default; Ctrl-C to cancel."
"Provisioned client %q (namespace %s)."
"Provisioning didn't complete. Re-running is safe — on the same cluster it adopts the existing client instead of minting a duplicate (idempotent):"
"Reading your files locally first — nothing has touched your secure environment yet — so a layout or settings problem shows up right away."
"Ready for `tracebloc data ingest`."
"Reclaimed tracebloc's downloaded images."
"Regression targets are continuous. 'bucket' groups them into ranges before they leave the cluster; 'passthrough' keeps raw values."
"Removed local tracebloc data and config."
"Removed stray control characters from the name."
"Removed the local environment."
"Removed the old %q — ingesting the new data."
"Removed the tracebloc CLI from this machine."
"Removing in-cluster artifacts…"
"Review"
"Revoked this machine's credential — your secure environment %q stays on tracebloc as a record."
"Set one up: %s"
"Sign in to tracebloc"
"Signed in"
"Signed in as %s"
"Signed in as %s."
"Signed in to %q, but this run targets %q — run `tracebloc login`."
"Signed in."
"Signed out locally, but couldn't revoke the token server-side (%v). Revoke from the dashboard if this was a shared machine."
"Signed out."
"Signed-in token was rejected by the backend — run `tracebloc login`."
"Some tracebloc images couldn't be reclaimed (harmless) — remove them later with `docker rmi $(docker images --filter=reference='ghcr.io/tracebloc/*' --format '{{.Repository}}:{{.Tag}}')`."
"Still stuck? Email support@tracebloc.io with the output of `%s doctor --diagnose`."
"Stopped following after 1 hour — the ingestion is still running and will finish on its own."
"Stopped watching — the ingestion keeps running on your secure environment."
"Submitted — tracebloc is validating your data and loading it into the table."
"Submitting the run — with --detach it keeps running on your secure environment after this command returns; the reconnect command is shown below."
"Submitting the run, then following along as tracebloc validates your data and loads it into the table — progress streams below."
"Table %q already exists — replacing it (table + files)."
"Target"
"Target cluster"
"The column holding the duration / time-to-event.  e.g. time, tenure_days"
"The column in your CSV with the answer the model learns to produce."
"The dataset's catalog metadata is kept as a record on tracebloc, marked unavailable — never removed."
"The file or folder holding your data — a single .csv for a table, or labels.csv + an images/ folder for images.  e.g. ~/datasets/churn"
"The name you provided was only control characters — auto-naming this client instead."
"The resolution your images already are. tracebloc never resizes — it checks every image is exactly this size and rejects any that differ. Blank = read it from your first image.  e.g. 224x224"
"The tracebloc CLI (your local data & config are kept — --keep-data)"
"This CLI is out of date — update it: %s"
"This cluster is already registered as client %q (namespace %s) — adopted it."
"This drops the table and removes the files listed above — there's no undo. Pass --yes next time to skip this prompt."
"This follows the run for up to an hour; a longer run keeps going on its own (or start it with --detach and check back later)."
"This is irreversible. Type the client name to confirm, or leave blank to cancel."
"This machine's credential — so tracebloc can no longer reach it"
"This matches a previous run (same idempotency key) — attaching to the run already in progress."
"This permanently removes a dataset you ingested earlier: it drops the table from\nthe cluster and deletes the dataset's files on the shared storage. It can't be\nundone — re-ingesting the data is the only way back."
"This secure environment isn't in the signed-in account — continuing; if that's unexpected, check you're logged into the right account."
"This will remove"
"To train or benchmark models on it, create a use case at https://ai.tracebloc.io/my-use-cases"
"Try again shortly; if it persists, email support@tracebloc.io with `%s doctor --diagnose`."
"Uninstalled tracebloc."
"Validate and load"
"We couldn't tell the data type from what's there — which is it?"
"What's next"
"Whether this split trains the model or evaluates it."
"Will delete"
"Wrote a support bundle to ./%s"
"Wrote client id + namespace to %s (no new credential — the existing one stands)."
"You don't have permission to %s in this account."
"Your CPU and memory budget is unchanged — but this machine has no GPU while the cluster still requests one, so I'll clear that stale GPU setting so runs can schedule."
"Your data is registered as a dataset. View it at https://ai.tracebloc.io/metadata"
"Your dataset records (marked unavailable, not deleted)"
"Your files are copied securely into your secure environment's storage — set up and cleaned up for you."
"Your local data & config (~/.tracebloc) and the tracebloc CLI — can't be undone"
"Your secure environment %q and everything it runs on this machine"
"Your secure environment is equipped with:"
"Your session expired — run `%s login`."
"Your use cases and the models trained here"
"a dataset path is required"
"a tracebloc client is already running on this cluster, but listing your account to verify ownership failed (%w) — re-run once tracebloc is reachable, or resolve manually"
"a tracebloc client is installed in namespace %q but its CLIENT_ID could not be read"
"account"
"active client"
"annotations"
"app version"
"authorized — confirming the token with the backend …"
"auto-detect"
"backend"
"backend %s — requesting a device code …"
"backfilling the cluster anchor onto the existing client: %w"
"building SPDY transport: %w"
"building rest config from kubeconfig: %w"
"building submit request: %w"
"building tar archive: %w"
"can't read %q: %w"
"cancelled by user"
"chart version"
"checking %s for a byte-order mark: %w"
"client"
"client id"
"closing tar writer: %w"
"cluster"
"columns"
"command"
"connected: %s — %s"
"constructing kubernetes clientset: %w"
"context"
"couldn't read capacity: %v"
"couldn't read this machine's capacity: %w"
"creating SPDY executor for %s/%s: %w"
"creating credential-file directory: %w"
"creating port-forwarder: %w"
"creating stage Pod in namespace %q: %w"
"creating staging-cleanup pod: %w"
"creating teardown pod: %w"
"dashboard id"
"data CSV"
"dataset exceeded v0.1 total cap of %s after streaming %s (reached %s)"
"dataset name is required (set --name)"
"dataset name is required — pass it as an argument: tracebloc data delete <dataset>"
"decoding image header %q: %w"
"decoding submit response (got body %q): %w"
"deleting stage Pod %s/%s: %w"
"destination"
"dropping %s.%s: %w%s"
"enter a whole number between %d and %d"
"exec stream against %s/%s: %w"
"expires"
"expires in"
"field %d is empty — every field (%s) must be non-empty"
"file failures"
"full log: %s"
"generating Pod-name random suffix: %w"
"generating idempotency key: %w"
"generating staging-dir suffix: %w"
"images"
"infer from CSV"
"inferring schema from CSV: %w"
"ingestion Job completed but the summary reports failures — see panel above"
"ingestion Job exited non-zero — see logs above"
"ingestor ID"
"ingestor SA"
"ingestor img"
"inserted"
"intent"
"interactive setup: %w"
"internal: re-parsing synthesized spec: %w\n%s"
"invalid table name %q: %w"
"jobs-manager"
"jobs-manager: %s"
"keypoints"
"kube-system namespace has no UID"
"label column"
"label policy"
"labels.csv"
"listing Pods for service %s/%s: %w"
"listing chart-managed deployments in namespace %s: %w"
"listing client deployments to check for an existing client: %w"
"listing service-account-token secrets in %s: %w"
"listing stage Pods in %s: %w"
"loading embedded schema: %w"
"loading kubeconfig: %w"
"locating mysql pod: %w"
"location"
"login timed out — re-run `tracebloc login`"
"love from tracebloc 💚"
"marshaling submit request: %w"
"marshaling synthesized spec: %w"
"masks"
"min size"
"minting token for ServiceAccount %s/%s via TokenRequest: %w"
"missing %s/ subdirectory in %q"
"must be a positive integer"
"must be between %d and %d"
"mysql table"
"name"
"namespace"
"never (static-secret fallback)"
"no CLI-supported tasks for %s data yet"
"no Ready node on this machine to size a training run against"
"no Running pod with name containing %q in namespace %q"
"no active client on this machine — nothing to offboard"
"no active client on this machine — run `tracebloc client create` (or re-run the installer) first"
"no dataset named %q on this client%s"
"no image files to detect a type from"
"no such file or directory: %q — check the path to your dataset"
"no tracebloc client found"
"none detected"
"not signed in — run `tracebloc login` first"
"outcome:   early exit before the cluster was probed"
"outcome:   early exit — no roll-up verdict (granular checks below)"
"overwrite prompt: %w"
"packaging %s: %w"
"packaging labels.csv: %w"
"password"
"path"
"port-forward allocated zero ports"
"port-forward to %s/%s failed during startup: %w"
"pvc path"
"querying datasets: %w%s"
"reading %q: %w"
"reading %s header: %w"
"reading %s/: %w"
"reading %s: %w"
"reading CSV header from %s: %w"
"reading CSV row from %s: %w"
"reading PVC %s/%s: %w"
"reading allocated port: %w"
"reading dataset directory %q: %w"
"reading dataset path %q: %w"
"reading final Job status for %s/%s: %w"
"reading images/: %w"
"reading kube-system namespace UID: %w"
"reading labels.csv: %w"
"reading raw kubeconfig: %w"
"reading service %s/%s: %w"
"reading submit response body: %w"
"reading the existing client's identity in namespace %q: %w"
"ready:     %s — %s"
"refusing to change the ceiling without confirmation: pass --yes, or run on a terminal"
"refusing to delete without confirmation: pass --yes or run on a terminal"
"refusing to offboard without confirmation: pass --yes, or run on a terminal to type the client name"
"refusing to stream symbolic link %q (defense-in-depth; should have been rejected by Discover)"
"release"
"release: %s (chart %s)"
"removed — runs will use CPU only"
"removing PVC paths: %w%s"
"removing staged copy %s: %w%s"
"resolution"
"resolving %q: %w"
"resolving Service %s/%s to a Pod: %w"
"resolving namespace from kubeconfig: %w"
"resource env"
"root"
"scanning the cluster for tracebloc clients: %w"
"schema"
"schema entry %q must be col:TYPE (e.g. age:INT,price:FLOAT)"
"sent to API"
"server"
"service %s/%s has no selector — can't resolve to a Pod for port-forwarding"
"session:   %s"
"setting up jobs-manager port-forward: %w"
"sha256[:8]"
"shared PVC"
"shared PVC: %s (%s)"
"sign-in was denied in the browser"
"signed in"
"skipped"
"source"
"stage Pod %s/%s did not become Ready within %s%s"
"stage Pod %s/%s did not reach Ready state: %w%s"
"stage Pod %s/%s terminated in phase %q before becoming Ready%s"
"stat %q: %w"
"stat %s/: %w"
"stat %s: %w"
"stat images/: %w"
"stat labels.csv: %w"
"state"
"status"
"stored active client id %q is not numeric: %w"
"streaming files to %s/%s: %w%s"
"streaming logs from Pod %s/%s: %w"
"submit response missing job_name (got body %q)"
"submit response missing namespace (got body %q)"
"success rate"
"synthesized spec failed schema validation; check the flag values above"
"task"
"task %q isn't a recognized task. Supported tasks: %s."
"task %q isn't supported by the CLI yet%s. Supported tasks: %s."
"teardown failed: %w"
"the client running in this namespace is anchored to a different cluster (%s) than --kubeconfig/--context points at (%s) — check you're targeting the right cluster"
"the sign-in code expired — re-run `tracebloc login`"
"time column"
"token saved to ~/.tracebloc (0600)"
"total records"
"total size"
"tracebloc auth"
"tracebloc can see this client."
"tracebloc didn't confirm your session (server error)."
"tracebloc keeps about 1 core and 3 GiB for itself on top of this — it fits on this machine."
"tracebloc rejected your credentials while waiting — run `tracebloc login`, then retry"
"tracebloc rejected your credentials — run `tracebloc login`, then retry `tracebloc delete`"
"tracebloc's downloaded images"
"unavailable"
"values:"
"waiting for ingestor Pod: %w"
"waiting for staging-cleanup pod: %w"
"waiting for teardown pod: %w"
"watching ingestor Job: %w"
"would set each run to"
"writing credential file %s: %w"
